// Jest Snapshot v1, https://goo.gl/fbAQLP

exports[`UsersList component should render UsersList correctly 1`] = `
ShallowWrapper {
  "length": 1,
  Symbol(enzyme.__root__): [Circular],
  Symbol(enzyme.__unrendered__): <UsersList
    data={
        Object {
            "users": Array [
              Object {
                "age": 1,
                "firstName": "test1",
                "id": 0,
              },
              Object {
                "age": 2,
                "firstName": "test2",
                "id": 1,
              },
            ],
          }
    }
/>,
  Symbol(enzyme.__renderer__): Object {
    "batchedUpdates": [Function],
    "getNode": [Function],
    "render": [Function],
    "simulateEvent": [Function],
    "unmount": [Function],
  },
  Symbol(enzyme.__node__): Object {
    "instance": null,
    "key": undefined,
    "nodeType": "host",
    "props": Object {
      "children": Array [
        <h1>
          Users List
</h1>,
        <Apollo(AddUser) />,
        <hr />,
        Array [
          <Unknown
            age={1}
            firstName="test1"
/>,
          <Unknown
            age={2}
            firstName="test2"
/>,
        ],
        <button
          onClick={undefined}
>
          Fetch More
</button>,
      ],
    },
    "ref": null,
    "rendered": Array [
      Object {
        "instance": null,
        "key": undefined,
        "nodeType": "host",
        "props": Object {
          "children": "Users List",
        },
        "ref": null,
        "rendered": "Users List",
        "type": "h1",
      },
      Object {
        "instance": null,
        "key": undefined,
        "nodeType": "class",
        "props": Object {},
        "ref": null,
        "rendered": null,
        "type": [Function],
      },
      Object {
        "instance": null,
        "key": undefined,
        "nodeType": "host",
        "props": Object {},
        "ref": null,
        "rendered": null,
        "type": "hr",
      },
      Object {
        "instance": null,
        "key": "0",
        "nodeType": "function",
        "props": Object {
          "age": 1,
          "firstName": "test1",
        },
        "ref": null,
        "rendered": null,
        "type": [Function],
      },
      Object {
        "instance": null,
        "key": "1",
        "nodeType": "function",
        "props": Object {
          "age": 2,
          "firstName": "test2",
        },
        "ref": null,
        "rendered": null,
        "type": [Function],
      },
      Object {
        "instance": null,
        "key": undefined,
        "nodeType": "host",
        "props": Object {
          "children": "Fetch More",
          "onClick": undefined,
        },
        "ref": null,
        "rendered": "Fetch More",
        "type": "button",
      },
    ],
    "type": "div",
  },
  Symbol(enzyme.__nodes__): Array [
    Object {
      "instance": null,
      "key": undefined,
      "nodeType": "host",
      "props": Object {
        "children": Array [
          <h1>
            Users List
</h1>,
          <Apollo(AddUser) />,
          <hr />,
          Array [
            <Unknown
              age={1}
              firstName="test1"
/>,
            <Unknown
              age={2}
              firstName="test2"
/>,
          ],
          <button
            onClick={undefined}
>
            Fetch More
</button>,
        ],
      },
      "ref": null,
      "rendered": Array [
        Object {
          "instance": null,
          "key": undefined,
          "nodeType": "host",
          "props": Object {
            "children": "Users List",
          },
          "ref": null,
          "rendered": "Users List",
          "type": "h1",
        },
        Object {
          "instance": null,
          "key": undefined,
          "nodeType": "class",
          "props": Object {},
          "ref": null,
          "rendered": null,
          "type": [Function],
        },
        Object {
          "instance": null,
          "key": undefined,
          "nodeType": "host",
          "props": Object {},
          "ref": null,
          "rendered": null,
          "type": "hr",
        },
        Object {
          "instance": null,
          "key": "0",
          "nodeType": "function",
          "props": Object {
            "age": 1,
            "firstName": "test1",
          },
          "ref": null,
          "rendered": null,
          "type": [Function],
        },
        Object {
          "instance": null,
          "key": "1",
          "nodeType": "function",
          "props": Object {
            "age": 2,
            "firstName": "test2",
          },
          "ref": null,
          "rendered": null,
          "type": [Function],
        },
        Object {
          "instance": null,
          "key": undefined,
          "nodeType": "host",
          "props": Object {
            "children": "Fetch More",
            "onClick": undefined,
          },
          "ref": null,
          "rendered": "Fetch More",
          "type": "button",
        },
      ],
      "type": "div",
    },
  ],
  Symbol(enzyme.__options__): Object {
    "adapter": ReactSixteenAdapter {
      "options": Object {
        "enableComponentDidUpdateOnSetState": true,
      },
    },
  },
}
`;
